// Vitest Snapshot v1, https://vitest.dev/guide/snapshot.html

exports[`renderMap > renders the canonical sample (visual spec) 1`] = `
"  梅勒斯地图 · mellos-mapping 插件

━━━━━━━━━━━━━━━━━━━━━━━━━━━ 编排层 ━━━━

  ┌╌╌╌╌╌╌╌╌╌╌╌╌╌╌┐
  ╎ · MCP Server ╎
  └╌╌╌┬╌╌╌┬╌╌┬╌╌╌┘
      │   │  │
      │   │  └───────────────────────┐
      └──┐│                          │
         │└─────────────┐            │
         │              │            │
━━━━━━━━━┿━━━━━━━━━━━━━━┿━━ 契约层 ━━┿━
         │              │            │
  ┏━━━━━━┷━━━━━┓  ┌╌╌╌╌╌┴╌╌╌╌╌┐      │
  ┃ ■ 状态存储 ┃  ╎ · Watcher ╎      │
  ┗━━━━━━┯━━━━━┛  └╌╌╌╌╌┬╌╌╌╌╌┘      │
         │              │            │
       ┌─┘              │            │
       │                └──┐         │
       │    ┌──────────────┼─────────┘
       │    │              │
━━━━━━━┿━━━━┿━━━━━━━━━━━━━━ 原语层 ━━━━
       │    │              │
  ┏━━━━┷━━━━┷━━━━┓  ┌──────┴──────┐
  ┃ ■ 图领域模型 ┃  │ ⠋ ASCII渲染 │
  ┗━━━━━━━━━━━━━━┛  └─────────────┘

  · planned   ⠋ in-progress   ■ done   ✗ regressed"
`;
